Archive member included to satisfy reference by file (symbol)

c:/st/stm32cubeide_1.7.0/stm32cubeide/plugins/com.st.stm32cube.ide.mcu.externaltools.gnu-tools-for-stm32.9-2020-q2-update.win32_2.0.0.202105311346/tools/bin/../lib/gcc/arm-none-eabi/9.3.1/../../../../arm-none-eabi/lib/thumb/v7-m/nofp\libc_nano.a(lib_a-errno.o)
                              ./Core/Src/syscalls.o (__errno)
c:/st/stm32cubeide_1.7.0/stm32cubeide/plugins/com.st.stm32cube.ide.mcu.externaltools.gnu-tools-for-stm32.9-2020-q2-update.win32_2.0.0.202105311346/tools/bin/../lib/gcc/arm-none-eabi/9.3.1/../../../../arm-none-eabi/lib/thumb/v7-m/nofp\libc_nano.a(lib_a-exit.o)
                              c:/st/stm32cubeide_1.7.0/stm32cubeide/plugins/com.st.stm32cube.ide.mcu.externaltools.gnu-tools-for-stm32.9-2020-q2-update.win32_2.0.0.202105311346/tools/bin/../lib/gcc/arm-none-eabi/9.3.1/../../../../arm-none-eabi/lib/thumb/v7-m/nofp/crt0.o (exit)
c:/st/stm32cubeide_1.7.0/stm32cubeide/plugins/com.st.stm32cube.ide.mcu.externaltools.gnu-tools-for-stm32.9-2020-q2-update.win32_2.0.0.202105311346/tools/bin/../lib/gcc/arm-none-eabi/9.3.1/../../../../arm-none-eabi/lib/thumb/v7-m/nofp\libc_nano.a(lib_a-impure.o)
                              c:/st/stm32cubeide_1.7.0/stm32cubeide/plugins/com.st.stm32cube.ide.mcu.externaltools.gnu-tools-for-stm32.9-2020-q2-update.win32_2.0.0.202105311346/tools/bin/../lib/gcc/arm-none-eabi/9.3.1/../../../../arm-none-eabi/lib/thumb/v7-m/nofp\libc_nano.a(lib_a-exit.o) (_global_impure_ptr)
c:/st/stm32cubeide_1.7.0/stm32cubeide/plugins/com.st.stm32cube.ide.mcu.externaltools.gnu-tools-for-stm32.9-2020-q2-update.win32_2.0.0.202105311346/tools/bin/../lib/gcc/arm-none-eabi/9.3.1/../../../../arm-none-eabi/lib/thumb/v7-m/nofp\libc_nano.a(lib_a-init.o)
                              c:/st/stm32cubeide_1.7.0/stm32cubeide/plugins/com.st.stm32cube.ide.mcu.externaltools.gnu-tools-for-stm32.9-2020-q2-update.win32_2.0.0.202105311346/tools/bin/../lib/gcc/arm-none-eabi/9.3.1/../../../../arm-none-eabi/lib/thumb/v7-m/nofp/crt0.o (__libc_init_array)
c:/st/stm32cubeide_1.7.0/stm32cubeide/plugins/com.st.stm32cube.ide.mcu.externaltools.gnu-tools-for-stm32.9-2020-q2-update.win32_2.0.0.202105311346/tools/bin/../lib/gcc/arm-none-eabi/9.3.1/../../../../arm-none-eabi/lib/thumb/v7-m/nofp\libc_nano.a(lib_a-memset.o)
                              c:/st/stm32cubeide_1.7.0/stm32cubeide/plugins/com.st.stm32cube.ide.mcu.externaltools.gnu-tools-for-stm32.9-2020-q2-update.win32_2.0.0.202105311346/tools/bin/../lib/gcc/arm-none-eabi/9.3.1/../../../../arm-none-eabi/lib/thumb/v7-m/nofp/crt0.o (memset)
c:/st/stm32cubeide_1.7.0/stm32cubeide/plugins/com.st.stm32cube.ide.mcu.externaltools.gnu-tools-for-stm32.9-2020-q2-update.win32_2.0.0.202105311346/tools/bin/../lib/gcc/arm-none-eabi/9.3.1/thumb/v7-m/nofp\libgcc.a(_arm_muldf3.o)
                              ./Core/Src/main.o (__aeabi_dmul)
c:/st/stm32cubeide_1.7.0/stm32cubeide/plugins/com.st.stm32cube.ide.mcu.externaltools.gnu-tools-for-stm32.9-2020-q2-update.win32_2.0.0.202105311346/tools/bin/../lib/gcc/arm-none-eabi/9.3.1/thumb/v7-m/nofp\libgcc.a(_arm_addsubdf3.o)
                              ./Core/Src/main.o (__aeabi_dsub)
c:/st/stm32cubeide_1.7.0/stm32cubeide/plugins/com.st.stm32cube.ide.mcu.externaltools.gnu-tools-for-stm32.9-2020-q2-update.win32_2.0.0.202105311346/tools/bin/../lib/gcc/arm-none-eabi/9.3.1/thumb/v7-m/nofp\libgcc.a(_arm_fixunsdfsi.o)
                              ./Core/Src/main.o (__aeabi_d2uiz)

Allocating common symbols
Common symbol       size              file

flagEvent           0xa               ./Core/Src/main.o
uwTick              0x4               ./Drivers/STM32F1xx_HAL_Driver/Src/stm32f1xx_hal.o
pFlash              0x20              ./Drivers/STM32F1xx_HAL_Driver/Src/stm32f1xx_hal_flash.o
htim3               0x48              ./Core/Src/tim.o
hdma_usart1_tx      0x44              ./Core/Src/usart.o
hdma_usart1_rx      0x44              ./Core/Src/usart.o
huart1              0x44              ./Core/Src/usart.o
htim2               0x48              ./Core/Src/tim.o

Discarded input sections

 .text          0x0000000000000000        0x0 c:/st/stm32cubeide_1.7.0/stm32cubeide/plugins/com.st.stm32cube.ide.mcu.externaltools.gnu-tools-for-stm32.9-2020-q2-update.win32_2.0.0.202105311346/tools/bin/../lib/gcc/arm-none-eabi/9.3.1/thumb/v7-m/nofp/crti.o
 .data          0x0000000000000000        0x0 c:/st/stm32cubeide_1.7.0/stm32cubeide/plugins/com.st.stm32cube.ide.mcu.externaltools.gnu-tools-for-stm32.9-2020-q2-update.win32_2.0.0.202105311346/tools/bin/../lib/gcc/arm-none-eabi/9.3.1/thumb/v7-m/nofp/crti.o
 .bss           0x0000000000000000        0x0 c:/st/stm32cubeide_1.7.0/stm32cubeide/plugins/com.st.stm32cube.ide.mcu.externaltools.gnu-tools-for-stm32.9-2020-q2-update.win32_2.0.0.202105311346/tools/bin/../lib/gcc/arm-none-eabi/9.3.1/thumb/v7-m/nofp/crti.o
[...]
Memory Configuration

Name             Origin             Length             Attributes
RAM              0x0000000020000000 0x0000000000005000 xrw
FLASH            0x0000000008000000 0x0000000000010000 xr
*default*        0x0000000000000000 0xffffffffffffffff

Linker script and memory map

LOAD c:/st/stm32cubeide_1.7.0/stm32cubeide/plugins/com.st.stm32cube.ide.mcu.externaltools.gnu-tools-for-stm32.9-2020-q2-update.win32_2.0.0.202105311346/tools/bin/../lib/gcc/arm-none-eabi/9.3.1/thumb/v7-m/nofp/crti.o
LOAD c:/st/stm32cubeide_1.7.0/stm32cubeide/plugins/com.st.stm32cube.ide.mcu.externaltools.gnu-tools-for-stm32.9-2020-q2-update.win32_2.0.0.202105311346/tools/bin/../lib/gcc/arm-none-eabi/9.3.1/thumb/v7-m/nofp/crtbegin.o
LOAD c:/st/stm32cubeide_1.7.0/stm32cubeide/plugins/com.st.stm32cube.ide.mcu.externaltools.gnu-tools-for-stm32.9-2020-q2-update.win32_2.0.0.202105311346/tools/bin/../lib/gcc/arm-none-eabi/9.3.1/../../../../arm-none-eabi/lib/thumb/v7-m/nofp/crt0.o
LOAD ./Core/Src/dma.o
LOAD ./Core/Src/gpio.o
LOAD ./Core/Src/main.o
LOAD ./Core/Src/stm32f1xx_hal_msp.o
LOAD ./Core/Src/stm32f1xx_it.o
LOAD ./Core/Src/syscalls.o
LOAD ./Core/Src/sysmem.o
LOAD ./Core/Src/system_stm32f1xx.o
LOAD ./Core/Src/tim.o
LOAD ./Core/Src/usart.o
LOAD ./Core/Startup/startup_stm32f103c8tx.o
LOAD ./Drivers/STM32F1xx_HAL_Driver/Src/stm32f1xx_hal.o
LOAD ./Drivers/STM32F1xx_HAL_Driver/Src/stm32f1xx_hal_cortex.o
LOAD ./Drivers/STM32F1xx_HAL_Driver/Src/stm32f1xx_hal_dma.o
LOAD ./Drivers/STM32F1xx_HAL_Driver/Src/stm32f1xx_hal_exti.o
LOAD ./Drivers/STM32F1xx_HAL_Driver/Src/stm32f1xx_hal_flash.o
LOAD ./Drivers/STM32F1xx_HAL_Driver/Src/stm32f1xx_hal_flash_ex.o
LOAD ./Drivers/STM32F1xx_HAL_Driver/Src/stm32f1xx_hal_gpio.o
LOAD ./Drivers/STM32F1xx_HAL_Driver/Src/stm32f1xx_hal_gpio_ex.o
LOAD ./Drivers/STM32F1xx_HAL_Driver/Src/stm32f1xx_hal_pwr.o
LOAD ./Drivers/STM32F1xx_HAL_Driver/Src/stm32f1xx_hal_rcc.o
LOAD ./Drivers/STM32F1xx_HAL_Driver/Src/stm32f1xx_hal_rcc_ex.o
LOAD ./Drivers/STM32F1xx_HAL_Driver/Src/stm32f1xx_hal_tim.o
LOAD ./Drivers/STM32F1xx_HAL_Driver/Src/stm32f1xx_hal_tim_ex.o
LOAD ./Drivers/STM32F1xx_HAL_Driver/Src/stm32f1xx_hal_uart.o
START GROUP
LOAD c:/st/stm32cubeide_1.7.0/stm32cubeide/plugins/com.st.stm32cube.ide.mcu.externaltools.gnu-tools-for-stm32.9-2020-q2-update.win32_2.0.0.202105311346/tools/bin/../lib/gcc/arm-none-eabi/9.3.1/../../../../arm-none-eabi/lib/thumb/v7-m/nofp\libc_nano.a
LOAD c:/st/stm32cubeide_1.7.0/stm32cubeide/plugins/com.st.stm32cube.ide.mcu.externaltools.gnu-tools-for-stm32.9-2020-q2-update.win32_2.0.0.202105311346/tools/bin/../lib/gcc/arm-none-eabi/9.3.1/../../../../arm-none-eabi/lib/thumb/v7-m/nofp\libm.a
END GROUP
START GROUP
LOAD c:/st/stm32cubeide_1.7.0/stm32cubeide/plugins/com.st.stm32cube.ide.mcu.externaltools.gnu-tools-for-stm32.9-2020-q2-update.win32_2.0.0.202105311346/tools/bin/../lib/gcc/arm-none-eabi/9.3.1/thumb/v7-m/nofp\libgcc.a
LOAD c:/st/stm32cubeide_1.7.0/stm32cubeide/plugins/com.st.stm32cube.ide.mcu.externaltools.gnu-tools-for-stm32.9-2020-q2-update.win32_2.0.0.202105311346/tools/bin/../lib/gcc/arm-none-eabi/9.3.1/../../../../arm-none-eabi/lib/thumb/v7-m/nofp\libc_nano.a
END GROUP
START GROUP
LOAD c:/st/stm32cubeide_1.7.0/stm32cubeide/plugins/com.st.stm32cube.ide.mcu.externaltools.gnu-tools-for-stm32.9-2020-q2-update.win32_2.0.0.202105311346/tools/bin/../lib/gcc/arm-none-eabi/9.3.1/thumb/v7-m/nofp\libgcc.a
LOAD c:/st/stm32cubeide_1.7.0/stm32cubeide/plugins/com.st.stm32cube.ide.mcu.externaltools.gnu-tools-for-stm32.9-2020-q2-update.win32_2.0.0.202105311346/tools/bin/../lib/gcc/arm-none-eabi/9.3.1/../../../../arm-none-eabi/lib/thumb/v7-m/nofp\libc_nano.a
LOAD c:/st/stm32cubeide_1.7.0/stm32cubeide/plugins/com.st.stm32cube.ide.mcu.externaltools.gnu-tools-for-stm32.9-2020-q2-update.win32_2.0.0.202105311346/tools/bin/../lib/gcc/arm-none-eabi/9.3.1/../../../../arm-none-eabi/lib/thumb/v7-m/nofp\libnosys.a
END GROUP
START GROUP
LOAD c:/st/stm32cubeide_1.7.0/stm32cubeide/plugins/com.st.stm32cube.ide.mcu.externaltools.gnu-tools-for-stm32.9-2020-q2-update.win32_2.0.0.202105311346/tools/bin/../lib/gcc/arm-none-eabi/9.3.1/thumb/v7-m/nofp\libgcc.a
LOAD c:/st/stm32cubeide_1.7.0/stm32cubeide/plugins/com.st.stm32cube.ide.mcu.externaltools.gnu-tools-for-stm32.9-2020-q2-update.win32_2.0.0.202105311346/tools/bin/../lib/gcc/arm-none-eabi/9.3.1/../../../../arm-none-eabi/lib/thumb/v7-m/nofp\libc_nano.a
LOAD c:/st/stm32cubeide_1.7.0/stm32cubeide/plugins/com.st.stm32cube.ide.mcu.externaltools.gnu-tools-for-stm32.9-2020-q2-update.win32_2.0.0.202105311346/tools/bin/../lib/gcc/arm-none-eabi/9.3.1/../../../../arm-none-eabi/lib/thumb/v7-m/nofp\libnosys.a
END GROUP
LOAD c:/st/stm32cubeide_1.7.0/stm32cubeide/plugins/com.st.stm32cube.ide.mcu.externaltools.gnu-tools-for-stm32.9-2020-q2-update.win32_2.0.0.202105311346/tools/bin/../lib/gcc/arm-none-eabi/9.3.1/thumb/v7-m/nofp/crtend.o
LOAD c:/st/stm32cubeide_1.7.0/stm32cubeide/plugins/com.st.stm32cube.ide.mcu.externaltools.gnu-tools-for-stm32.9-2020-q2-update.win32_2.0.0.202105311346/tools/bin/../lib/gcc/arm-none-eabi/9.3.1/thumb/v7-m/nofp/crtn.o
                0x0000000020005000                _estack = (ORIGIN (RAM) + LENGTH (RAM))
                0x0000000000000200                _Min_Heap_Size = 0x200
                0x0000000000000400                _Min_Stack_Size = 0x400

.isr_vector     0x0000000008000000      0x10c
                0x0000000008000000                . = ALIGN (0x4)
 *(.isr_vector)
 .isr_vector    0x0000000008000000      0x10c ./Core/Startup/startup_stm32f103c8tx.o
                0x0000000008000000                g_pfnVectors
                0x000000000800010c                . = ALIGN (0x4)

.text           0x0000000008000110     0x4234
                0x0000000008000110                . = ALIGN (0x4)
 *(.text)
 .text          0x0000000008000110       0x40 c:/st/stm32cubeide_1.7.0/stm32cubeide/plugins/com.st.stm32cube.ide.mcu.externaltools.gnu-tools-for-stm32.9-2020-q2-update.win32_2.0.0.202105311346/tools/bin/../lib/gcc/arm-none-eabi/9.3.1/thumb/v7-m/nofp/crtbegin.o
 .text          0x0000000008000150      0x254 c:/st/stm32cubeide_1.7.0/stm32cubeide/plugins/com.st.stm32cube.ide.mcu.externaltools.gnu-tools-for-stm32.9-2020-q2-update.win32_2.0.0.202105311346/tools/bin/../lib/gcc/arm-none-eabi/9.3.1/thumb/v7-m/nofp\libgcc.a(_arm_muldf3.o)
                0x0000000008000150                __muldf3
                0x0000000008000150                __aeabi_dmul
 .text          0x00000000080003a4      0x378 c:/st/stm32cubeide_1.7.0/stm32cubeide/plugins/com.st.stm32cube.ide.mcu.externaltools.gnu-tools-for-stm32.9-2020-q2-update.win32_2.0.0.202105311346/tools/bin/../lib/gcc/arm-none-eabi/9.3.1/thumb/v7-m/nofp\libgcc.a(_arm_addsubdf3.o)
                0x00000000080003a4                __aeabi_drsub
                0x00000000080003ac                __aeabi_dsub
                0x00000000080003ac                __subdf3
                0x00000000080003b0                __aeabi_dadd
                0x00000000080003b0                __adddf3
                0x0000000008000628                __floatunsidf
                0x0000000008000628                __aeabi_ui2d
                0x0000000008000648                __floatsidf
                0x0000000008000648                __aeabi_i2d
                0x000000000800066c                __aeabi_f2d
                0x000000000800066c                __extendsfdf2
                0x00000000080006b0                __floatundidf
                0x00000000080006b0                __aeabi_ul2d
                0x00000000080006c0                __floatdidf
                0x00000000080006c0                __aeabi_l2d
 .text          0x000000000800071c       0x40 c:/st/stm32cubeide_1.7.0/stm32cubeide/plugins/com.st.stm32cube.ide.mcu.externaltools.gnu-tools-for-stm32.9-2020-q2-update.win32_2.0.0.202105311346/tools/bin/../lib/gcc/arm-none-eabi/9.3.1/thumb/v7-m/nofp\libgcc.a(_arm_fixunsdfsi.o)
                0x000000000800071c                __aeabi_d2uiz
                0x000000000800071c                __fixunsdfsi
 *(.text*)
 .text.MX_DMA_Init
                0x000000000800075c       0x4c ./Core/Src/dma.o
                0x000000000800075c                MX_DMA_Init
 .text.MX_GPIO_Init
                0x00000000080007a8       0xa0 ./Core/Src/gpio.o
                0x00000000080007a8                MX_GPIO_Init
 .text.cleanTxArr
                0x0000000008000848       0x48 ./Core/Src/main.o
                0x0000000008000848                cleanTxArr
 .text.pushArrTX
                0x0000000008000890      0x100 ./Core/Src/main.o
                0x0000000008000890                pushArrTX
 .text.changeSpeed
                0x0000000008000990       0x72 ./Core/Src/main.o
                0x0000000008000990                changeSpeed
 *fill*         0x0000000008000a02        0x6 
 .text.changeAngle
                0x0000000008000a08       0xb0 ./Core/Src/main.o
                0x0000000008000a08                changeAngle
 .text.crc      0x0000000008000ab8       0x60 ./Core/Src/main.o
                0x0000000008000ab8                crc
 .text.direct_Led_HELLO
                0x0000000008000b18       0x64 ./Core/Src/main.o
                0x0000000008000b18                direct_Led_HELLO
 .text.direct_Led
                0x0000000008000b7c       0x44 ./Core/Src/main.o
                0x0000000008000b7c                direct_Led
 .text.connect_ok
                0x0000000008000bc0        0xc ./Core/Src/main.o
                0x0000000008000bc0                connect_ok
 .text.parseArrRX
                0x0000000008000bcc       0x8c ./Core/Src/main.o
                0x0000000008000bcc                parseArrRX
 .text.initShip
                0x0000000008000c58       0x80 ./Core/Src/main.o
                0x0000000008000c58                initShip
 .text.command_work
                0x0000000008000cd8      0x138 ./Core/Src/main.o
                0x0000000008000cd8                command_work
 .text.main     0x0000000008000e10       0xb0 ./Core/Src/main.o
                0x0000000008000e10                main
 .text.SystemClock_Config
                0x0000000008000ec0       0x76 ./Core/Src/main.o
                0x0000000008000ec0                SystemClock_Config
 *fill*         0x0000000008000f36        0x2 
 .text.HAL_UARTEx_RxEventCallback
                0x0000000008000f38       0x28 ./Core/Src/main.o
                0x0000000008000f38                HAL_UARTEx_RxEventCallback
 .text.Error_Handler
                0x0000000008000f60        0xa ./Core/Src/main.o
                0x0000000008000f60                Error_Handler
 *fill*         0x0000000008000f6a        0x2 
 .text.HAL_MspInit
                0x0000000008000f6c       0x64 ./Core/Src/stm32f1xx_hal_msp.o
                0x0000000008000f6c                HAL_MspInit
 .text.NMI_Handler
                0x0000000008000fd0        0x6 ./Core/Src/stm32f1xx_it.o
                0x0000000008000fd0                NMI_Handler
 .text.HardFault_Handler
                0x0000000008000fd6        0x6 ./Core/Src/stm32f1xx_it.o
                0x0000000008000fd6                HardFault_Handler
 .text.MemManage_Handler
                0x0000000008000fdc        0x6 ./Core/Src/stm32f1xx_it.o
                0x0000000008000fdc                MemManage_Handler
 .text.BusFault_Handler
                0x0000000008000fe2        0x6 ./Core/Src/stm32f1xx_it.o
                0x0000000008000fe2                BusFault_Handler
 .text.UsageFault_Handler
                0x0000000008000fe8        0x6 ./Core/Src/stm32f1xx_it.o
                0x0000000008000fe8                UsageFault_Handler
 .text.SVC_Handler
                0x0000000008000fee        0xc ./Core/Src/stm32f1xx_it.o
                0x0000000008000fee                SVC_Handler
 .text.DebugMon_Handler
                0x0000000008000ffa        0xc ./Core/Src/stm32f1xx_it.o
                0x0000000008000ffa                DebugMon_Handler
 .text.PendSV_Handler
                0x0000000008001006        0xc ./Core/Src/stm32f1xx_it.o
                0x0000000008001006                PendSV_Handler
 .text.SysTick_Handler
                0x0000000008001012        0xc ./Core/Src/stm32f1xx_it.o
                0x0000000008001012                SysTick_Handler
 *fill*         0x000000000800101e        0x2 
 .text.DMA1_Channel4_IRQHandler
                0x0000000008001020       0x14 ./Core/Src/stm32f1xx_it.o
                0x0000000008001020                DMA1_Channel4_IRQHandler
 .text.DMA1_Channel5_IRQHandler
                0x0000000008001034       0x14 ./Core/Src/stm32f1xx_it.o
                0x0000000008001034                DMA1_Channel5_IRQHandler
 .text.USART1_IRQHandler
                0x0000000008001048       0x14 ./Core/Src/stm32f1xx_it.o
                0x0000000008001048                USART1_IRQHandler
 .text.SystemInit
                0x000000000800105c        0xc ./Core/Src/system_stm32f1xx.o
                0x000000000800105c                SystemInit
 .text.MX_TIM2_Init
                0x0000000008001068       0xf0 ./Core/Src/tim.o
                0x0000000008001068                MX_TIM2_Init
 .text.MX_TIM3_Init
                0x0000000008001158       0xec ./Core/Src/tim.o
                0x0000000008001158                MX_TIM3_Init
 .text.HAL_TIM_PWM_MspInit
                0x0000000008001244       0x38 ./Core/Src/tim.o
                0x0000000008001244                HAL_TIM_PWM_MspInit
 .text.HAL_TIM_Base_MspInit
                0x000000000800127c       0x3c ./Core/Src/tim.o
                0x000000000800127c                HAL_TIM_Base_MspInit
 .text.HAL_TIM_MspPostInit
                0x00000000080012b8       0xa0 ./Core/Src/tim.o
                0x00000000080012b8                HAL_TIM_MspPostInit
 .text.MX_USART1_UART_Init
                0x0000000008001358       0x54 ./Core/Src/usart.o
                0x0000000008001358                MX_USART1_UART_Init
 .text.HAL_UART_MspInit
                0x00000000080013ac      0x154 ./Core/Src/usart.o
                0x00000000080013ac                HAL_UART_MspInit
 .text.Reset_Handler
                0x0000000008001500       0x48 ./Core/Startup/startup_stm32f103c8tx.o
                0x0000000008001500                Reset_Handler
 .text.Default_Handler
                0x0000000008001548        0x2 ./Core/Startup/startup_stm32f103c8tx.o
                0x0000000008001548                RTC_Alarm_IRQHandler
                0x0000000008001548                EXTI2_IRQHandler
                0x0000000008001548                TIM1_CC_IRQHandler
                0x0000000008001548                PVD_IRQHandler
                0x0000000008001548                EXTI3_IRQHandler
                0x0000000008001548                EXTI0_IRQHandler
                0x0000000008001548                I2C2_EV_IRQHandler
                0x0000000008001548                ADC1_2_IRQHandler
                0x0000000008001548                SPI1_IRQHandler
                0x0000000008001548                TAMPER_IRQHandler
                0x0000000008001548                USART3_IRQHandler
                0x0000000008001548                RTC_IRQHandler
                0x0000000008001548                DMA1_Channel7_IRQHandler
                0x0000000008001548                CAN1_RX1_IRQHandler
                0x0000000008001548                TIM4_IRQHandler
                0x0000000008001548                I2C1_EV_IRQHandler
                0x0000000008001548                DMA1_Channel6_IRQHandler
                0x0000000008001548                TIM3_IRQHandler
                0x0000000008001548                RCC_IRQHandler
                0x0000000008001548                TIM1_TRG_COM_IRQHandler
                0x0000000008001548                DMA1_Channel1_IRQHandler
                0x0000000008001548                Default_Handler
                0x0000000008001548                EXTI15_10_IRQHandler
                0x0000000008001548                EXTI9_5_IRQHandler
                0x0000000008001548                SPI2_IRQHandler
                0x0000000008001548                EXTI4_IRQHandler
                0x0000000008001548                USB_LP_CAN1_RX0_IRQHandler
                0x0000000008001548                USB_HP_CAN1_TX_IRQHandler
                0x0000000008001548                DMA1_Channel3_IRQHandler
                0x0000000008001548                TIM1_UP_IRQHandler
                0x0000000008001548                WWDG_IRQHandler
                0x0000000008001548                TIM2_IRQHandler
                0x0000000008001548                TIM1_BRK_IRQHandler
                0x0000000008001548                EXTI1_IRQHandler
                0x0000000008001548                USART2_IRQHandler
                0x0000000008001548                I2C2_ER_IRQHandler
                0x0000000008001548                DMA1_Channel2_IRQHandler
                0x0000000008001548                CAN1_SCE_IRQHandler
                0x0000000008001548                FLASH_IRQHandler
                0x0000000008001548                I2C1_ER_IRQHandler
                0x0000000008001548                USBWakeUp_IRQHandler
 *fill*         0x000000000800154a        0x2 
 .text.HAL_Init
                0x000000000800154c       0x2c ./Drivers/STM32F1xx_HAL_Driver/Src/stm32f1xx_hal.o
                0x000000000800154c                HAL_Init
 .text.HAL_InitTick
                0x0000000008001578       0x60 ./Drivers/STM32F1xx_HAL_Driver/Src/stm32f1xx_hal.o
                0x0000000008001578                HAL_InitTick
 .text.HAL_IncTick
                0x00000000080015d8       0x24 ./Drivers/STM32F1xx_HAL_Driver/Src/stm32f1xx_hal.o
                0x00000000080015d8                HAL_IncTick
 .text.HAL_GetTick
                0x00000000080015fc       0x14 ./Drivers/STM32F1xx_HAL_Driver/Src/stm32f1xx_hal.o
                0x00000000080015fc                HAL_GetTick
 .text.HAL_Delay
                0x0000000008001610       0x48 ./Drivers/STM32F1xx_HAL_Driver/Src/stm32f1xx_hal.o
                0x0000000008001610                HAL_Delay
 .text.__NVIC_SetPriorityGrouping
                0x0000000008001658       0x48 ./Drivers/STM32F1xx_HAL_Driver/Src/stm32f1xx_hal_cortex.o
 .text.__NVIC_GetPriorityGrouping
                0x00000000080016a0       0x1c ./Drivers/STM32F1xx_HAL_Driver/Src/stm32f1xx_hal_cortex.o
 .text.__NVIC_EnableIRQ
                0x00000000080016bc       0x38 ./Drivers/STM32F1xx_HAL_Driver/Src/stm32f1xx_hal_cortex.o
 .text.__NVIC_SetPriority
                0x00000000080016f4       0x54 ./Drivers/STM32F1xx_HAL_Driver/Src/stm32f1xx_hal_cortex.o
 .text.NVIC_EncodePriority
                0x0000000008001748       0x64 ./Drivers/STM32F1xx_HAL_Driver/Src/stm32f1xx_hal_cortex.o
 .text.SysTick_Config
                0x00000000080017ac       0x44 ./Drivers/STM32F1xx_HAL_Driver/Src/stm32f1xx_hal_cortex.o
 .text.HAL_NVIC_SetPriorityGrouping
                0x00000000080017f0       0x16 ./Drivers/STM32F1xx_HAL_Driver/Src/stm32f1xx_hal_cortex.o
                0x00000000080017f0                HAL_NVIC_SetPriorityGrouping
 .text.HAL_NVIC_SetPriority
                0x0000000008001806       0x38 ./Drivers/STM32F1xx_HAL_Driver/Src/stm32f1xx_hal_cortex.o
                0x0000000008001806                HAL_NVIC_SetPriority
 .text.HAL_NVIC_EnableIRQ
                0x000000000800183e       0x1c ./Drivers/STM32F1xx_HAL_Driver/Src/stm32f1xx_hal_cortex.o
                0x000000000800183e                HAL_NVIC_EnableIRQ
 .text.HAL_SYSTICK_Config
                0x000000000800185a       0x18 ./Drivers/STM32F1xx_HAL_Driver/Src/stm32f1xx_hal_cortex.o
                0x000000000800185a                HAL_SYSTICK_Config
 *fill*         0x0000000008001872        0x2 
 .text.HAL_DMA_Init
                0x0000000008001874       0xb4 ./Drivers/STM32F1xx_HAL_Driver/Src/stm32f1xx_hal_dma.o
                0x0000000008001874                HAL_DMA_Init
 .text.HAL_DMA_Start_IT
                0x0000000008001928       0xbe ./Drivers/STM32F1xx_HAL_Driver/Src/stm32f1xx_hal_dma.o
                0x0000000008001928                HAL_DMA_Start_IT
 .text.HAL_DMA_Abort
                0x00000000080019e6       0x74 ./Drivers/STM32F1xx_HAL_Driver/Src/stm32f1xx_hal_dma.o
                0x00000000080019e6                HAL_DMA_Abort
 *fill*         0x0000000008001a5a        0x2 
 .text.HAL_DMA_Abort_IT
                0x0000000008001a5c       0xec ./Drivers/STM32F1xx_HAL_Driver/Src/stm32f1xx_hal_dma.o
                0x0000000008001a5c                HAL_DMA_Abort_IT
 .text.HAL_DMA_IRQHandler
                0x0000000008001b48      0x20c ./Drivers/STM32F1xx_HAL_Driver/Src/stm32f1xx_hal_dma.o
                0x0000000008001b48                HAL_DMA_IRQHandler
 .text.DMA_SetConfig
                0x0000000008001d54       0x5a ./Drivers/STM32F1xx_HAL_Driver/Src/stm32f1xx_hal_dma.o
 *fill*         0x0000000008001dae        0x2 
 .text.HAL_GPIO_Init
                0x0000000008001db0      0x308 ./Drivers/STM32F1xx_HAL_Driver/Src/stm32f1xx_hal_gpio.o
                0x0000000008001db0                HAL_GPIO_Init
 .text.HAL_GPIO_WritePin
                0x00000000080020b8       0x30 ./Drivers/STM32F1xx_HAL_Driver/Src/stm32f1xx_hal_gpio.o
                0x00000000080020b8                HAL_GPIO_WritePin
 .text.HAL_GPIO_TogglePin
                0x00000000080020e8       0x32 ./Drivers/STM32F1xx_HAL_Driver/Src/stm32f1xx_hal_gpio.o
                0x00000000080020e8                HAL_GPIO_TogglePin
 *fill*         0x000000000800211a        0x2 
 .text.HAL_RCC_OscConfig
                0x000000000800211c      0x500 ./Drivers/STM32F1xx_HAL_Driver/Src/stm32f1xx_hal_rcc.o
                0x000000000800211c                HAL_RCC_OscConfig
 .text.HAL_RCC_ClockConfig
                0x000000000800261c      0x1d4 ./Drivers/STM32F1xx_HAL_Driver/Src/stm32f1xx_hal_rcc.o
                0x000000000800261c                HAL_RCC_ClockConfig
 .text.HAL_RCC_GetSysClockFreq
                0x00000000080027f0       0xc0 ./Drivers/STM32F1xx_HAL_Driver/Src/stm32f1xx_hal_rcc.o
                0x00000000080027f0                HAL_RCC_GetSysClockFreq
 .text.HAL_RCC_GetHCLKFreq
                0x00000000080028b0       0x14 ./Drivers/STM32F1xx_HAL_Driver/Src/stm32f1xx_hal_rcc.o
                0x00000000080028b0                HAL_RCC_GetHCLKFreq
 .text.HAL_RCC_GetPCLK1Freq
                0x00000000080028c4       0x28 ./Drivers/STM32F1xx_HAL_Driver/Src/stm32f1xx_hal_rcc.o
                0x00000000080028c4                HAL_RCC_GetPCLK1Freq
 .text.HAL_RCC_GetPCLK2Freq
                0x00000000080028ec       0x28 ./Drivers/STM32F1xx_HAL_Driver/Src/stm32f1xx_hal_rcc.o
                0x00000000080028ec                HAL_RCC_GetPCLK2Freq
 .text.RCC_Delay
                0x0000000008002914       0x3c ./Drivers/STM32F1xx_HAL_Driver/Src/stm32f1xx_hal_rcc.o
 .text.HAL_TIM_Base_Init
                0x0000000008002950       0x9e ./Drivers/STM32F1xx_HAL_Driver/Src/stm32f1xx_hal_tim.o
                0x0000000008002950                HAL_TIM_Base_Init
 .text.HAL_TIM_OC_Init
                0x00000000080029ee       0x9e ./Drivers/STM32F1xx_HAL_Driver/Src/stm32f1xx_hal_tim.o
                0x00000000080029ee                HAL_TIM_OC_Init
 .text.HAL_TIM_OC_MspInit
                0x0000000008002a8c       0x12 ./Drivers/STM32F1xx_HAL_Driver/Src/stm32f1xx_hal_tim.o
                0x0000000008002a8c                HAL_TIM_OC_MspInit
 .text.HAL_TIM_PWM_Init
                0x0000000008002a9e       0x9e ./Drivers/STM32F1xx_HAL_Driver/Src/stm32f1xx_hal_tim.o
                0x0000000008002a9e                HAL_TIM_PWM_Init
 .text.HAL_TIM_PWM_Start
                0x0000000008002b3c      0x144 ./Drivers/STM32F1xx_HAL_Driver/Src/stm32f1xx_hal_tim.o
                0x0000000008002b3c                HAL_TIM_PWM_Start
 .text.HAL_TIM_OC_ConfigChannel
                0x0000000008002c80       0xb0 ./Drivers/STM32F1xx_HAL_Driver/Src/stm32f1xx_hal_tim.o
                0x0000000008002c80                HAL_TIM_OC_ConfigChannel
 .text.HAL_TIM_PWM_ConfigChannel
                0x0000000008002d30      0x17c ./Drivers/STM32F1xx_HAL_Driver/Src/stm32f1xx_hal_tim.o
                0x0000000008002d30                HAL_TIM_PWM_ConfigChannel
 .text.HAL_TIM_ConfigClockSource
                0x0000000008002eac      0x188 ./Drivers/STM32F1xx_HAL_Driver/Src/stm32f1xx_hal_tim.o
                0x0000000008002eac                HAL_TIM_ConfigClockSource
 .text.TIM_Base_SetConfig
                0x0000000008003034       0xc4 ./Drivers/STM32F1xx_HAL_Driver/Src/stm32f1xx_hal_tim.o
                0x0000000008003034                TIM_Base_SetConfig
 .text.TIM_OC1_SetConfig
                0x00000000080030f8       0xcc ./Drivers/STM32F1xx_HAL_Driver/Src/stm32f1xx_hal_tim.o
 .text.TIM_OC2_SetConfig
                0x00000000080031c4       0xd4 ./Drivers/STM32F1xx_HAL_Driver/Src/stm32f1xx_hal_tim.o
                0x00000000080031c4                TIM_OC2_SetConfig
 .text.TIM_OC3_SetConfig
                0x0000000008003298       0xd4 ./Drivers/STM32F1xx_HAL_Driver/Src/stm32f1xx_hal_tim.o
 .text.TIM_OC4_SetConfig
                0x000000000800336c       0x9c ./Drivers/STM32F1xx_HAL_Driver/Src/stm32f1xx_hal_tim.o
 .text.TIM_TI1_ConfigInputStage
                0x0000000008003408       0x5c ./Drivers/STM32F1xx_HAL_Driver/Src/stm32f1xx_hal_tim.o
 .text.TIM_TI2_ConfigInputStage
                0x0000000008003464       0x5e ./Drivers/STM32F1xx_HAL_Driver/Src/stm32f1xx_hal_tim.o
 .text.TIM_ITRx_SetConfig
                0x00000000080034c2       0x34 ./Drivers/STM32F1xx_HAL_Driver/Src/stm32f1xx_hal_tim.o
 .text.TIM_ETR_SetConfig
                0x00000000080034f6       0x3e ./Drivers/STM32F1xx_HAL_Driver/Src/stm32f1xx_hal_tim.o
                0x00000000080034f6                TIM_ETR_SetConfig
 .text.TIM_CCxChannelCmd
                0x0000000008003534       0x48 ./Drivers/STM32F1xx_HAL_Driver/Src/stm32f1xx_hal_tim.o
                0x0000000008003534                TIM_CCxChannelCmd
 .text.HAL_TIMEx_MasterConfigSynchronization
                0x000000000800357c       0xbc ./Drivers/STM32F1xx_HAL_Driver/Src/stm32f1xx_hal_tim_ex.o
                0x000000000800357c                HAL_TIMEx_MasterConfigSynchronization
 .text.HAL_UART_Init
                0x0000000008003638       0x9a ./Drivers/STM32F1xx_HAL_Driver/Src/stm32f1xx_hal_uart.o
                0x0000000008003638                HAL_UART_Init
 .text.HAL_UART_Transmit
                0x00000000080036d2      0x124 ./Drivers/STM32F1xx_HAL_Driver/Src/stm32f1xx_hal_uart.o
                0x00000000080036d2                HAL_UART_Transmit
 .text.HAL_UARTEx_ReceiveToIdle_DMA
                0x00000000080037f6       0x9e ./Drivers/STM32F1xx_HAL_Driver/Src/stm32f1xx_hal_uart.o
                0x00000000080037f6                HAL_UARTEx_ReceiveToIdle_DMA
 .text.HAL_UART_IRQHandler
                0x0000000008003894      0x354 ./Drivers/STM32F1xx_HAL_Driver/Src/stm32f1xx_hal_uart.o
                0x0000000008003894                HAL_UART_IRQHandler
 .text.HAL_UART_TxCpltCallback
                0x0000000008003be8       0x12 ./Drivers/STM32F1xx_HAL_Driver/Src/stm32f1xx_hal_uart.o
                0x0000000008003be8                HAL_UART_TxCpltCallback
 .text.HAL_UART_RxCpltCallback
                0x0000000008003bfa       0x12 ./Drivers/STM32F1xx_HAL_Driver/Src/stm32f1xx_hal_uart.o
                0x0000000008003bfa                HAL_UART_RxCpltCallback
 .text.HAL_UART_RxHalfCpltCallback
                0x0000000008003c0c       0x12 ./Drivers/STM32F1xx_HAL_Driver/Src/stm32f1xx_hal_uart.o
                0x0000000008003c0c                HAL_UART_RxHalfCpltCallback
 .text.HAL_UART_ErrorCallback
                0x0000000008003c1e       0x12 ./Drivers/STM32F1xx_HAL_Driver/Src/stm32f1xx_hal_uart.o
                0x0000000008003c1e                HAL_UART_ErrorCallback
 .text.UART_DMAReceiveCplt
                0x0000000008003c30       0x96 ./Drivers/STM32F1xx_HAL_Driver/Src/stm32f1xx_hal_uart.o
 .text.UART_DMARxHalfCplt
                0x0000000008003cc6       0x36 ./Drivers/STM32F1xx_HAL_Driver/Src/stm32f1xx_hal_uart.o
 .text.UART_DMAError
                0x0000000008003cfc       0x94 ./Drivers/STM32F1xx_HAL_Driver/Src/stm32f1xx_hal_uart.o
 .text.UART_WaitOnFlagUntilTimeout
                0x0000000008003d90       0x94 ./Drivers/STM32F1xx_HAL_Driver/Src/stm32f1xx_hal_uart.o
 .text.UART_Start_Receive_DMA
                0x0000000008003e24       0xc8 ./Drivers/STM32F1xx_HAL_Driver/Src/stm32f1xx_hal_uart.o
                0x0000000008003e24                UART_Start_Receive_DMA
 .text.UART_EndTxTransfer
                0x0000000008003eec       0x2a ./Drivers/STM32F1xx_HAL_Driver/Src/stm32f1xx_hal_uart.o
 .text.UART_EndRxTransfer
                0x0000000008003f16       0x58 ./Drivers/STM32F1xx_HAL_Driver/Src/stm32f1xx_hal_uart.o
 .text.UART_DMAAbortOnError
                0x0000000008003f6e       0x28 ./Drivers/STM32F1xx_HAL_Driver/Src/stm32f1xx_hal_uart.o
 .text.UART_Transmit_IT
                0x0000000008003f96       0x9e ./Drivers/STM32F1xx_HAL_Driver/Src/stm32f1xx_hal_uart.o
 .text.UART_EndTransmit_IT
                0x0000000008004034       0x30 ./Drivers/STM32F1xx_HAL_Driver/Src/stm32f1xx_hal_uart.o
 .text.UART_Receive_IT
                0x0000000008004064      0x152 ./Drivers/STM32F1xx_HAL_Driver/Src/stm32f1xx_hal_uart.o
 *fill*         0x00000000080041b6        0x2 
 .text.UART_SetConfig
                0x00000000080041b8      0x11c ./Drivers/STM32F1xx_HAL_Driver/Src/stm32f1xx_hal_uart.o
 .text.__libc_init_array
                0x00000000080042d4       0x48 c:/st/stm32cubeide_1.7.0/stm32cubeide/plugins/com.st.stm32cube.ide.mcu.externaltools.gnu-tools-for-stm32.9-2020-q2-update.win32_2.0.0.202105311346/tools/bin/../lib/gcc/arm-none-eabi/9.3.1/../../../../arm-none-eabi/lib/thumb/v7-m/nofp\libc_nano.a(lib_a-init.o)
                0x00000000080042d4                __libc_init_array
 .text.memset   0x000000000800431c       0x10 c:/st/stm32cubeide_1.7.0/stm32cubeide/plugins/com.st.stm32cube.ide.mcu.externaltools.gnu-tools-for-stm32.9-2020-q2-update.win32_2.0.0.202105311346/tools/bin/../lib/gcc/arm-none-eabi/9.3.1/../../../../arm-none-eabi/lib/thumb/v7-m/nofp\libc_nano.a(lib_a-memset.o)
                0x000000000800431c                memset
 *(.glue_7)
 .glue_7        0x000000000800432c        0x0 linker stubs
 *(.glue_7t)
 .glue_7t       0x000000000800432c        0x0 linker stubs
 *(.eh_frame)
 .eh_frame      0x000000000800432c        0x0 c:/st/stm32cubeide_1.7.0/stm32cubeide/plugins/com.st.stm32cube.ide.mcu.externaltools.gnu-tools-for-stm32.9-2020-q2-update.win32_2.0.0.202105311346/tools/bin/../lib/gcc/arm-none-eabi/9.3.1/thumb/v7-m/nofp/crtbegin.o
 *(.init)
 .init          0x000000000800432c        0x4 c:/st/stm32cubeide_1.7.0/stm32cubeide/plugins/com.st.stm32cube.ide.mcu.externaltools.gnu-tools-for-stm32.9-2020-q2-update.win32_2.0.0.202105311346/tools/bin/../lib/gcc/arm-none-eabi/9.3.1/thumb/v7-m/nofp/crti.o
                0x000000000800432c                _init
 .init          0x0000000008004330        0x8 c:/st/stm32cubeide_1.7.0/stm32cubeide/plugins/com.st.stm32cube.ide.mcu.externaltools.gnu-tools-for-stm32.9-2020-q2-update.win32_2.0.0.202105311346/tools/bin/../lib/gcc/arm-none-eabi/9.3.1/thumb/v7-m/nofp/crtn.o
 *(.fini)
 .fini          0x0000000008004338        0x4 c:/st/stm32cubeide_1.7.0/stm32cubeide/plugins/com.st.stm32cube.ide.mcu.externaltools.gnu-tools-for-stm32.9-2020-q2-update.win32_2.0.0.202105311346/tools/bin/../lib/gcc/arm-none-eabi/9.3.1/thumb/v7-m/nofp/crti.o
                0x0000000008004338                _fini
 .fini          0x000000000800433c        0x8 c:/st/stm32cubeide_1.7.0/stm32cubeide/plugins/com.st.stm32cube.ide.mcu.externaltools.gnu-tools-for-stm32.9-2020-q2-update.win32_2.0.0.202105311346/tools/bin/../lib/gcc/arm-none-eabi/9.3.1/thumb/v7-m/nofp/crtn.o
                0x0000000008004344                . = ALIGN (0x4)
                0x0000000008004344                _etext = .

.vfp11_veneer   0x0000000008004344        0x0
 .vfp11_veneer  0x0000000008004344        0x0 linker stubs

.v4_bx          0x0000000008004344        0x0
 .v4_bx         0x0000000008004344        0x0 linker stubs

.iplt           0x0000000008004344        0x0
 .iplt          0x0000000008004344        0x0 c:/st/stm32cubeide_1.7.0/stm32cubeide/plugins/com.st.stm32cube.ide.mcu.externaltools.gnu-tools-for-stm32.9-2020-q2-update.win32_2.0.0.202105311346/tools/bin/../lib/gcc/arm-none-eabi/9.3.1/thumb/v7-m/nofp/crtbegin.o

.rodata         0x0000000008004344       0x28
                0x0000000008004344                . = ALIGN (0x4)
 *(.rodata)
 .rodata        0x0000000008004344       0x10 ./Drivers/STM32F1xx_HAL_Driver/Src/stm32f1xx_hal_rcc.o
 *(.rodata*)
 .rodata.AHBPrescTable
                0x0000000008004354       0x10 ./Core/Src/system_stm32f1xx.o
                0x0000000008004354                AHBPrescTable
 .rodata.APBPrescTable
                0x0000000008004364        0x8 ./Core/Src/system_stm32f1xx.o
                0x0000000008004364                APBPrescTable
                0x000000000800436c                . = ALIGN (0x4)

.rel.dyn        0x000000000800436c        0x0
 .rel.iplt      0x000000000800436c        0x0 c:/st/stm32cubeide_1.7.0/stm32cubeide/plugins/com.st.stm32cube.ide.mcu.externaltools.gnu-tools-for-stm32.9-2020-q2-update.win32_2.0.0.202105311346/tools/bin/../lib/gcc/arm-none-eabi/9.3.1/thumb/v7-m/nofp/crtbegin.o

.ARM.extab      0x000000000800436c        0x0
                0x000000000800436c                . = ALIGN (0x4)
 *(.ARM.extab* .gnu.linkonce.armextab.*)
                0x000000000800436c                . = ALIGN (0x4)

.ARM            0x000000000800436c        0x0
                0x000000000800436c                . = ALIGN (0x4)
                0x000000000800436c                __exidx_start = .
 *(.ARM.exidx*)
                0x000000000800436c                __exidx_end = .
                0x000000000800436c                . = ALIGN (0x4)

.preinit_array  0x000000000800436c        0x0
                0x000000000800436c                . = ALIGN (0x4)
                0x000000000800436c                PROVIDE (__preinit_array_start = .)
 *(.preinit_array*)
                0x000000000800436c                PROVIDE (__preinit_array_end = .)
                0x000000000800436c                . = ALIGN (0x4)

.init_array     0x000000000800436c        0x4
                0x000000000800436c                . = ALIGN (0x4)
                0x000000000800436c                PROVIDE (__init_array_start = .)
 *(SORT_BY_NAME(.init_array.*))
 *(.init_array*)
 .init_array    0x000000000800436c        0x4 c:/st/stm32cubeide_1.7.0/stm32cubeide/plugins/com.st.stm32cube.ide.mcu.externaltools.gnu-tools-for-stm32.9-2020-q2-update.win32_2.0.0.202105311346/tools/bin/../lib/gcc/arm-none-eabi/9.3.1/thumb/v7-m/nofp/crtbegin.o
                0x0000000008004370                PROVIDE (__init_array_end = .)
                0x0000000008004370                . = ALIGN (0x4)

.fini_array     0x0000000008004370        0x4
                0x0000000008004370                . = ALIGN (0x4)
                [!provide]                        PROVIDE (__fini_array_start = .)
 *(SORT_BY_NAME(.fini_array.*))
 *(.fini_array*)
 .fini_array    0x0000000008004370        0x4 c:/st/stm32cubeide_1.7.0/stm32cubeide/plugins/com.st.stm32cube.ide.mcu.externaltools.gnu-tools-for-stm32.9-2020-q2-update.win32_2.0.0.202105311346/tools/bin/../lib/gcc/arm-none-eabi/9.3.1/thumb/v7-m/nofp/crtbegin.o
                [!provide]                        PROVIDE (__fini_array_end = .)
                0x0000000008004374                . = ALIGN (0x4)
                0x0000000008004374                _sidata = LOADADDR (.data)

.data           0x0000000020000000        0xc load address 0x0000000008004374
                0x0000000020000000                . = ALIGN (0x4)
                0x0000000020000000                _sdata = .
 *(.data)
 *(.data*)
 .data.SystemCoreClock
                0x0000000020000000        0x4 ./Core/Src/system_stm32f1xx.o
                0x0000000020000000                SystemCoreClock
 .data.uwTickPrio
                0x0000000020000004        0x4 ./Drivers/STM32F1xx_HAL_Driver/Src/stm32f1xx_hal.o
                0x0000000020000004                uwTickPrio
 .data.uwTickFreq
                0x0000000020000008        0x1 ./Drivers/STM32F1xx_HAL_Driver/Src/stm32f1xx_hal.o
                0x0000000020000008                uwTickFreq
 *(.RamFunc)
 *(.RamFunc*)
                0x000000002000000c                . = ALIGN (0x4)
 *fill*         0x0000000020000009        0x3 
                0x000000002000000c                _edata = .

.igot.plt       0x000000002000000c        0x0 load address 0x0000000008004380
 .igot.plt      0x000000002000000c        0x0 c:/st/stm32cubeide_1.7.0/stm32cubeide/plugins/com.st.stm32cube.ide.mcu.externaltools.gnu-tools-for-stm32.9-2020-q2-update.win32_2.0.0.202105311346/tools/bin/../lib/gcc/arm-none-eabi/9.3.1/thumb/v7-m/nofp/crtbegin.o
                0x000000002000000c                . = ALIGN (0x4)

.bss            0x000000002000000c      0x1f0 load address 0x0000000008004380
                0x000000002000000c                _sbss = .
                0x000000002000000c                __bss_start__ = _sbss
 *(.bss)
 .bss           0x000000002000000c       0x1c c:/st/stm32cubeide_1.7.0/stm32cubeide/plugins/com.st.stm32cube.ide.mcu.externaltools.gnu-tools-for-stm32.9-2020-q2-update.win32_2.0.0.202105311346/tools/bin/../lib/gcc/arm-none-eabi/9.3.1/thumb/v7-m/nofp/crtbegin.o
 *(.bss*)
 .bss.transmitBuff
                0x0000000020000028       0x32 ./Core/Src/main.o
                0x0000000020000028                transmitBuff
 *fill*         0x000000002000005a        0x2 
 .bss.reciveBuff
                0x000000002000005c       0x32 ./Core/Src/main.o
                0x000000002000005c                reciveBuff
 *(COMMON)
 *fill*         0x000000002000008e        0x2 
 COMMON         0x0000000020000090        0xa ./Core/Src/main.o
                0x0000000020000090                flagEvent
 *fill*         0x000000002000009a        0x2 
 COMMON         0x000000002000009c       0x90 ./Core/Src/tim.o
                0x000000002000009c                htim3
                0x00000000200000e4                htim2
 COMMON         0x000000002000012c       0xcc ./Core/Src/usart.o
                0x000000002000012c                hdma_usart1_tx
                0x0000000020000170                hdma_usart1_rx
                0x00000000200001b4                huart1
 COMMON         0x00000000200001f8        0x4 ./Drivers/STM32F1xx_HAL_Driver/Src/stm32f1xx_hal.o
                0x00000000200001f8                uwTick
                0x00000000200001fc                . = ALIGN (0x4)
                0x00000000200001fc                _ebss = .
                0x00000000200001fc                __bss_end__ = _ebss

._user_heap_stack
                0x00000000200001fc      0x604 load address 0x0000000008004380
                0x0000000020000200                . = ALIGN (0x8)
 *fill*         0x00000000200001fc        0x4 
                [!provide]                        PROVIDE (end = .)
                0x0000000020000200                PROVIDE (_end = .)
                0x0000000020000400                . = (. + _Min_Heap_Size)
 *fill*         0x0000000020000200      0x200 
                0x0000000020000800                . = (. + _Min_Stack_Size)
 *fill*         0x0000000020000400      0x400 
                0x0000000020000800                . = ALIGN (0x8)

/DISCARD/
 libc.a(*)
 libm.a(*)
 libgcc.a(*)

.ARM.attributes
                0x0000000000000000       0x29
 *(.ARM.attributes)
 .ARM.attributes
                0x0000000000000000       0x1d c:/st/stm32cubeide_1.7.0/stm32cubeide/plugins/com.st.stm32cube.ide.mcu.externaltools.gnu-tools-for-stm32.9-2020-q2-update.win32_2.0.0.202105311346/tools/bin/../lib/gcc/arm-none-eabi/9.3.1/thumb/v7-m/nofp/crti.o
 .ARM.attributes
                0x000000000000001d       0x2d c:/st/stm32cubeide_1.7.0/stm32cubeide/plugins/com.st.stm32cube.ide.mcu.externaltools.gnu-tools-for-stm32.9-2020-q2-update.win32_2.0.0.202105311346/tools/bin/../lib/gcc/arm-none-eabi/9.3.1/thumb/v7-m/nofp/crtbegin.o
 .ARM.attributes
                0x000000000000004a       0x2d ./Core/Src/dma.o
 .ARM.attributes
                0x0000000000000077       0x2d ./Core/Src/gpio.o
 .ARM.attributes
                0x00000000000000a4       0x2d ./Core/Src/main.o
 .ARM.attributes
                0x00000000000000d1       0x2d ./Core/Src/stm32f1xx_hal_msp.o
 .ARM.attributes
                0x00000000000000fe       0x2d ./Core/Src/stm32f1xx_it.o
 .ARM.attributes
                0x000000000000012b       0x2d ./Core/Src/system_stm32f1xx.o
 .ARM.attributes
                0x0000000000000158       0x2d ./Core/Src/tim.o
 .ARM.attributes
                0x0000000000000185       0x2d ./Core/Src/usart.o
 .ARM.attributes
                0x00000000000001b2       0x21 ./Core/Startup/startup_stm32f103c8tx.o
 .ARM.attributes
                0x00000000000001d3       0x2d ./Drivers/STM32F1xx_HAL_Driver/Src/stm32f1xx_hal.o
 .ARM.attributes
                0x0000000000000200       0x2d ./Drivers/STM32F1xx_HAL_Driver/Src/stm32f1xx_hal_cortex.o
 .ARM.attributes
                0x000000000000022d       0x2d ./Drivers/STM32F1xx_HAL_Driver/Src/stm32f1xx_hal_dma.o
 .ARM.attributes
                0x000000000000025a       0x2d ./Drivers/STM32F1xx_HAL_Driver/Src/stm32f1xx_hal_gpio.o
 .ARM.attributes
                0x0000000000000287       0x2d ./Drivers/STM32F1xx_HAL_Driver/Src/stm32f1xx_hal_rcc.o
 .ARM.attributes
                0x00000000000002b4       0x2d ./Drivers/STM32F1xx_HAL_Driver/Src/stm32f1xx_hal_tim.o
 .ARM.attributes
                0x00000000000002e1       0x2d ./Drivers/STM32F1xx_HAL_Driver/Src/stm32f1xx_hal_tim_ex.o
 .ARM.attributes
                0x000000000000030e       0x2d ./Drivers/STM32F1xx_HAL_Driver/Src/stm32f1xx_hal_uart.o
 .ARM.attributes
                0x000000000000033b       0x2d c:/st/stm32cubeide_1.7.0/stm32cubeide/plugins/com.st.stm32cube.ide.mcu.externaltools.gnu-tools-for-stm32.9-2020-q2-update.win32_2.0.0.202105311346/tools/bin/../lib/gcc/arm-none-eabi/9.3.1/../../../../arm-none-eabi/lib/thumb/v7-m/nofp\libc_nano.a(lib_a-init.o)
 .ARM.attributes
                0x0000000000000368       0x2d c:/st/stm32cubeide_1.7.0/stm32cubeide/plugins/com.st.stm32cube.ide.mcu.externaltools.gnu-tools-for-stm32.9-2020-q2-update.win32_2.0.0.202105311346/tools/bin/../lib/gcc/arm-none-eabi/9.3.1/../../../../arm-none-eabi/lib/thumb/v7-m/nofp\libc_nano.a(lib_a-memset.o)
 .ARM.attributes
                0x0000000000000395       0x1d c:/st/stm32cubeide_1.7.0/stm32cubeide/plugins/com.st.stm32cube.ide.mcu.externaltools.gnu-tools-for-stm32.9-2020-q2-update.win32_2.0.0.202105311346/tools/bin/../lib/gcc/arm-none-eabi/9.3.1/thumb/v7-m/nofp\libgcc.a(_arm_muldf3.o)
 .ARM.attributes
                0x00000000000003b2       0x1d c:/st/stm32cubeide_1.7.0/stm32cubeide/plugins/com.st.stm32cube.ide.mcu.externaltools.gnu-tools-for-stm32.9-2020-q2-update.win32_2.0.0.202105311346/tools/bin/../lib/gcc/arm-none-eabi/9.3.1/thumb/v7-m/nofp\libgcc.a(_arm_addsubdf3.o)
 .ARM.attributes
                0x00000000000003cf       0x1d c:/st/stm32cubeide_1.7.0/stm32cubeide/plugins/com.st.stm32cube.ide.mcu.externaltools.gnu-tools-for-stm32.9-2020-q2-update.win32_2.0.0.202105311346/tools/bin/../lib/gcc/arm-none-eabi/9.3.1/thumb/v7-m/nofp\libgcc.a(_arm_fixunsdfsi.o)
 .ARM.attributes
                0x00000000000003ec       0x1d c:/st/stm32cubeide_1.7.0/stm32cubeide/plugins/com.st.stm32cube.ide.mcu.externaltools.gnu-tools-for-stm32.9-2020-q2-update.win32_2.0.0.202105311346/tools/bin/../lib/gcc/arm-none-eabi/9.3.1/thumb/v7-m/nofp/crtn.o
OUTPUT(My_Ship_V.1.elf elf32-littlearm)
LOAD linker stubs
LOAD c:/st/stm32cubeide_1.7.0/stm32cubeide/plugins/com.st.stm32cube.ide.mcu.externaltools.gnu-tools-for-stm32.9-2020-q2-update.win32_2.0.0.202105311346/tools/bin/../lib/gcc/arm-none-eabi/9.3.1/../../../../arm-none-eabi/lib/thumb/v7-m/nofp\libc.a
LOAD c:/st/stm32cubeide_1.7.0/stm32cubeide/plugins/com.st.stm32cube.ide.mcu.externaltools.gnu-tools-for-stm32.9-2020-q2-update.win32_2.0.0.202105311346/tools/bin/../lib/gcc/arm-none-eabi/9.3.1/../../../../arm-none-eabi/lib/thumb/v7-m/nofp\libm.a
LOAD c:/st/stm32cubeide_1.7.0/stm32cubeide/plugins/com.st.stm32cube.ide.mcu.externaltools.gnu-tools-for-stm32.9-2020-q2-update.win32_2.0.0.202105311346/tools/bin/../lib/gcc/arm-none-eabi/9.3.1/thumb/v7-m/nofp\libgcc.a

.debug_info     0x0000000000000000     0xc17c
 .debug_info    0x0000000000000000      0x396 ./Core/Src/dma.o
 .debug_info    0x0000000000000396      0x372 ./Core/Src/gpio.o
 .debug_info    0x0000000000000708     0x1850 ./Core/Src/main.o
 .debug_info    0x0000000000001f58      0x2fc ./Core/Src/stm32f1xx_hal_msp.o
 .debug_info    0x0000000000002254      0x6fc ./Core/Src/stm32f1xx_it.o
 .debug_info    0x0000000000002950      0x2be ./Core/Src/system_stm32f1xx.o
 .debug_info    0x0000000000002c0e      0xb69 ./Core/Src/tim.o
 .debug_info    0x0000000000003777      0x9bc ./Core/Src/usart.o
 .debug_info    0x0000000000004133       0x22 ./Core/Startup/startup_stm32f103c8tx.o
 .debug_info    0x0000000000004155      0x76a ./Drivers/STM32F1xx_HAL_Driver/Src/stm32f1xx_hal.o
 .debug_info    0x00000000000048bf      0xbdc ./Drivers/STM32F1xx_HAL_Driver/Src/stm32f1xx_hal_cortex.o
 .debug_info    0x000000000000549b      0x81e ./Drivers/STM32F1xx_HAL_Driver/Src/stm32f1xx_hal_dma.o
 .debug_info    0x0000000000005cb9      0x701 ./Drivers/STM32F1xx_HAL_Driver/Src/stm32f1xx_hal_gpio.o
 .debug_info    0x00000000000063ba      0x88e ./Drivers/STM32F1xx_HAL_Driver/Src/stm32f1xx_hal_rcc.o
 .debug_info    0x0000000000006c48     0x2a45 ./Drivers/STM32F1xx_HAL_Driver/Src/stm32f1xx_hal_tim.o
 .debug_info    0x000000000000968d     0x14d5 ./Drivers/STM32F1xx_HAL_Driver/Src/stm32f1xx_hal_tim_ex.o
 .debug_info    0x000000000000ab62     0x161a ./Drivers/STM32F1xx_HAL_Driver/Src/stm32f1xx_hal_uart.o

.debug_abbrev   0x0000000000000000     0x2073
 .debug_abbrev  0x0000000000000000      0x11b ./Core/Src/dma.o
 .debug_abbrev  0x000000000000011b      0x14e ./Core/Src/gpio.o
 .debug_abbrev  0x0000000000000269      0x397 ./Core/Src/main.o
 .debug_abbrev  0x0000000000000600      0x11d ./Core/Src/stm32f1xx_hal_msp.o
 .debug_abbrev  0x000000000000071d      0x163 ./Core/Src/stm32f1xx_it.o
 .debug_abbrev  0x0000000000000880      0x14e ./Core/Src/system_stm32f1xx.o
 .debug_abbrev  0x00000000000009ce      0x1ea ./Core/Src/tim.o
 .debug_abbrev  0x0000000000000bb8      0x1d7 ./Core/Src/usart.o
 .debug_abbrev  0x0000000000000d8f       0x12 ./Core/Startup/startup_stm32f103c8tx.o
 .debug_abbrev  0x0000000000000da1      0x1ed ./Drivers/STM32F1xx_HAL_Driver/Src/stm32f1xx_hal.o
 .debug_abbrev  0x0000000000000f8e      0x313 ./Drivers/STM32F1xx_HAL_Driver/Src/stm32f1xx_hal_cortex.o
 .debug_abbrev  0x00000000000012a1      0x228 ./Drivers/STM32F1xx_HAL_Driver/Src/stm32f1xx_hal_dma.o
 .debug_abbrev  0x00000000000014c9      0x1e8 ./Drivers/STM32F1xx_HAL_Driver/Src/stm32f1xx_hal_gpio.o
 .debug_abbrev  0x00000000000016b1      0x273 ./Drivers/STM32F1xx_HAL_Driver/Src/stm32f1xx_hal_rcc.o
 .debug_abbrev  0x0000000000001924      0x25e ./Drivers/STM32F1xx_HAL_Driver/Src/stm32f1xx_hal_tim.o
 .debug_abbrev  0x0000000000001b82      0x266 ./Drivers/STM32F1xx_HAL_Driver/Src/stm32f1xx_hal_tim_ex.o
 .debug_abbrev  0x0000000000001de8      0x28b ./Drivers/STM32F1xx_HAL_Driver/Src/stm32f1xx_hal_uart.o

.debug_aranges  0x0000000000000000      0xcc0
 .debug_aranges
                0x0000000000000000       0x20 ./Core/Src/dma.o
 .debug_aranges
                0x0000000000000020       0x20 ./Core/Src/gpio.o
 .debug_aranges
                0x0000000000000040       0x98 ./Core/Src/main.o
 .debug_aranges
                0x00000000000000d8       0x20 ./Core/Src/stm32f1xx_hal_msp.o
 .debug_aranges
                0x00000000000000f8       0x78 ./Core/Src/stm32f1xx_it.o
 .debug_aranges
                0x0000000000000170       0x28 ./Core/Src/system_stm32f1xx.o
 .debug_aranges
                0x0000000000000198       0x50 ./Core/Src/tim.o
 .debug_aranges
                0x00000000000001e8       0x30 ./Core/Src/usart.o
 .debug_aranges
                0x0000000000000218       0x28 ./Core/Startup/startup_stm32f103c8tx.o
 .debug_aranges
                0x0000000000000240       0xe0 ./Drivers/STM32F1xx_HAL_Driver/Src/stm32f1xx_hal.o
 .debug_aranges
                0x0000000000000320      0x100 ./Drivers/STM32F1xx_HAL_Driver/Src/stm32f1xx_hal_cortex.o
 .debug_aranges
                0x0000000000000420       0x80 ./Drivers/STM32F1xx_HAL_Driver/Src/stm32f1xx_hal_dma.o
 .debug_aranges
                0x00000000000004a0       0x58 ./Drivers/STM32F1xx_HAL_Driver/Src/stm32f1xx_hal_gpio.o
 .debug_aranges
                0x00000000000004f8       0x90 ./Drivers/STM32F1xx_HAL_Driver/Src/stm32f1xx_hal_rcc.o
 .debug_aranges
                0x0000000000000588      0x3d0 ./Drivers/STM32F1xx_HAL_Driver/Src/stm32f1xx_hal_tim.o
 .debug_aranges
                0x0000000000000958      0x168 ./Drivers/STM32F1xx_HAL_Driver/Src/stm32f1xx_hal_tim_ex.o
 .debug_aranges
                0x0000000000000ac0      0x200 ./Drivers/STM32F1xx_HAL_Driver/Src/stm32f1xx_hal_uart.o

.debug_ranges   0x0000000000000000      0xbe8
 .debug_ranges  0x0000000000000000       0x10 ./Core/Src/dma.o
 .debug_ranges  0x0000000000000010       0x10 ./Core/Src/gpio.o
 .debug_ranges  0x0000000000000020       0x88 ./Core/Src/main.o
 .debug_ranges  0x00000000000000a8       0x10 ./Core/Src/stm32f1xx_hal_msp.o
 .debug_ranges  0x00000000000000b8       0x68 ./Core/Src/stm32f1xx_it.o
 .debug_ranges  0x0000000000000120       0x18 ./Core/Src/system_stm32f1xx.o
 .debug_ranges  0x0000000000000138       0x40 ./Core/Src/tim.o
 .debug_ranges  0x0000000000000178       0x20 ./Core/Src/usart.o
 .debug_ranges  0x0000000000000198       0x20 ./Core/Startup/startup_stm32f103c8tx.o
 .debug_ranges  0x00000000000001b8       0xd0 ./Drivers/STM32F1xx_HAL_Driver/Src/stm32f1xx_hal.o
 .debug_ranges  0x0000000000000288       0xf0 ./Drivers/STM32F1xx_HAL_Driver/Src/stm32f1xx_hal_cortex.o
 .debug_ranges  0x0000000000000378       0x70 ./Drivers/STM32F1xx_HAL_Driver/Src/stm32f1xx_hal_dma.o
 .debug_ranges  0x00000000000003e8       0x48 ./Drivers/STM32F1xx_HAL_Driver/Src/stm32f1xx_hal_gpio.o
 .debug_ranges  0x0000000000000430       0x80 ./Drivers/STM32F1xx_HAL_Driver/Src/stm32f1xx_hal_rcc.o
 .debug_ranges  0x00000000000004b0      0x3c0 ./Drivers/STM32F1xx_HAL_Driver/Src/stm32f1xx_hal_tim.o
 .debug_ranges  0x0000000000000870      0x158 ./Drivers/STM32F1xx_HAL_Driver/Src/stm32f1xx_hal_tim_ex.o
 .debug_ranges  0x00000000000009c8      0x220 ./Drivers/STM32F1xx_HAL_Driver/Src/stm32f1xx_hal_uart.o

.debug_macro    0x0000000000000000    0x17f8b
 .debug_macro   0x0000000000000000      0x1b7 ./Core/Src/dma.o
 .debug_macro   0x00000000000001b7      0xa9c ./Core/Src/dma.o
 .debug_macro   0x0000000000000c53      0x221 ./Core/Src/dma.o
 .debug_macro   0x0000000000000e74       0x2e ./Core/Src/dma.o
 .debug_macro   0x0000000000000ea2       0x22 ./Core/Src/dma.o
 .debug_macro   0x0000000000000ec4       0x22 ./Core/Src/dma.o
 .debug_macro   0x0000000000000ee6       0x8e ./Core/Src/dma.o
 .debug_macro   0x0000000000000f74       0x51 ./Core/Src/dma.o
 .debug_macro   0x0000000000000fc5      0x103 ./Core/Src/dma.o
 .debug_macro   0x00000000000010c8       0x6a ./Core/Src/dma.o
 .debug_macro   0x0000000000001132      0x1df ./Core/Src/dma.o
 .debug_macro   0x0000000000001311       0x1c ./Core/Src/dma.o
 .debug_macro   0x000000000000132d       0x22 ./Core/Src/dma.o
 .debug_macro   0x000000000000134f       0xc3 ./Core/Src/dma.o
 .debug_macro   0x0000000000001412      0xd23 ./Core/Src/dma.o
 .debug_macro   0x0000000000002135     0xe09e ./Core/Src/dma.o
 .debug_macro   0x00000000000101d3       0x6d ./Core/Src/dma.o
 .debug_macro   0x0000000000010240     0x3468 ./Core/Src/dma.o
 .debug_macro   0x00000000000136a8      0x174 ./Core/Src/dma.o
 .debug_macro   0x000000000001381c       0x5c ./Core/Src/dma.o
 .debug_macro   0x0000000000013878      0x5be ./Core/Src/dma.o
 .debug_macro   0x0000000000013e36      0x289 ./Core/Src/dma.o
 .debug_macro   0x00000000000140bf      0x1cb ./Core/Src/dma.o
 .debug_macro   0x000000000001428a      0x114 ./Core/Src/dma.o
 .debug_macro   0x000000000001439e      0x1b2 ./Core/Src/dma.o
 .debug_macro   0x0000000000014550       0x27 ./Core/Src/dma.o
 .debug_macro   0x0000000000014577      0x136 ./Core/Src/dma.o
 .debug_macro   0x00000000000146ad      0x1bc ./Core/Src/dma.o
 .debug_macro   0x0000000000014869       0x34 ./Core/Src/dma.o
 .debug_macro   0x000000000001489d       0x3c ./Core/Src/dma.o
 .debug_macro   0x00000000000148d9       0x57 ./Core/Src/dma.o
 .debug_macro   0x0000000000014930       0x88 ./Core/Src/dma.o
 .debug_macro   0x00000000000149b8      0x241 ./Core/Src/dma.o
 .debug_macro   0x0000000000014bf9      0x141 ./Core/Src/dma.o
 .debug_macro   0x0000000000014d3a      0x8d1 ./Core/Src/dma.o
 .debug_macro   0x000000000001560b      0x279 ./Core/Src/dma.o
 .debug_macro   0x0000000000015884       0x83 ./Core/Src/dma.o
 .debug_macro   0x0000000000015907      0x1b7 ./Core/Src/gpio.o
 .debug_macro   0x0000000000015abe      0x3da ./Core/Src/main.o
 .debug_macro   0x0000000000015e98       0x52 ./Core/Src/main.o
 .debug_macro   0x0000000000015eea       0x18 ./Core/Src/main.o
 .debug_macro   0x0000000000015f02       0x3c ./Core/Src/main.o
 .debug_macro   0x0000000000015f3e       0x34 ./Core/Src/main.o
 .debug_macro   0x0000000000015f72       0x16 ./Core/Src/main.o
 .debug_macro   0x0000000000015f88       0x35 ./Core/Src/main.o
 .debug_macro   0x0000000000015fbd      0x333 ./Core/Src/main.o
 .debug_macro   0x00000000000162f0       0x10 ./Core/Src/main.o
 .debug_macro   0x0000000000016300       0x16 ./Core/Src/main.o
 .debug_macro   0x0000000000016316       0x43 ./Core/Src/main.o
 .debug_macro   0x0000000000016359       0x34 ./Core/Src/main.o
 .debug_macro   0x000000000001638d       0x10 ./Core/Src/main.o
 .debug_macro   0x000000000001639d       0x58 ./Core/Src/main.o
 .debug_macro   0x00000000000163f5       0x71 ./Core/Src/main.o
 .debug_macro   0x0000000000016466       0x1c ./Core/Src/main.o
 .debug_macro   0x0000000000016482      0x12a ./Core/Src/main.o
 .debug_macro   0x00000000000165ac       0x10 ./Core/Src/main.o
 .debug_macro   0x00000000000165bc       0x1c ./Core/Src/main.o
 .debug_macro   0x00000000000165d8       0x52 ./Core/Src/main.o
 .debug_macro   0x000000000001662a       0x22 ./Core/Src/main.o
 .debug_macro   0x000000000001664c       0x10 ./Core/Src/main.o
 .debug_macro   0x000000000001665c       0x40 ./Core/Src/main.o
 .debug_macro   0x000000000001669c       0xd5 ./Core/Src/main.o
 .debug_macro   0x0000000000016771       0x1c ./Core/Src/main.o
 .debug_macro   0x000000000001678d       0x3d ./Core/Src/main.o
 .debug_macro   0x00000000000167ca       0x16 ./Core/Src/main.o
 .debug_macro   0x00000000000167e0      0x145 ./Core/Src/main.o
 .debug_macro   0x0000000000016925       0x16 ./Core/Src/main.o
 .debug_macro   0x000000000001693b       0x20 ./Core/Src/main.o
 .debug_macro   0x000000000001695b      0x1ad ./Core/Src/stm32f1xx_hal_msp.o
 .debug_macro   0x0000000000016b08      0x1b7 ./Core/Src/stm32f1xx_it.o
 .debug_macro   0x0000000000016cbf      0x1a3 ./Core/Src/system_stm32f1xx.o
 .debug_macro   0x0000000000016e62      0x1b7 ./Core/Src/tim.o
 .debug_macro   0x0000000000017019      0x1b7 ./Core/Src/usart.o
 .debug_macro   0x00000000000171d0      0x1c7 ./Drivers/STM32F1xx_HAL_Driver/Src/stm32f1xx_hal.o
 .debug_macro   0x0000000000017397      0x1a3 ./Drivers/STM32F1xx_HAL_Driver/Src/stm32f1xx_hal_cortex.o
 .debug_macro   0x000000000001753a      0x1a3 ./Drivers/STM32F1xx_HAL_Driver/Src/stm32f1xx_hal_dma.o
 .debug_macro   0x00000000000176dd      0x20e ./Drivers/STM32F1xx_HAL_Driver/Src/stm32f1xx_hal_gpio.o
 .debug_macro   0x00000000000178eb      0x1b5 ./Drivers/STM32F1xx_HAL_Driver/Src/stm32f1xx_hal_rcc.o
 .debug_macro   0x0000000000017aa0      0x1a4 ./Drivers/STM32F1xx_HAL_Driver/Src/stm32f1xx_hal_tim.o
 .debug_macro   0x0000000000017c44      0x1a3 ./Drivers/STM32F1xx_HAL_Driver/Src/stm32f1xx_hal_tim_ex.o
 .debug_macro   0x0000000000017de7      0x1a4 ./Drivers/STM32F1xx_HAL_Driver/Src/stm32f1xx_hal_uart.o

.debug_line     0x0000000000000000     0xdc74
 .debug_line    0x0000000000000000      0x67a ./Core/Src/dma.o
 .debug_line    0x000000000000067a      0x698 ./Core/Src/gpio.o
 .debug_line    0x0000000000000d12      0xcd4 ./Core/Src/main.o
 .debug_line    0x00000000000019e6      0x67e ./Core/Src/stm32f1xx_hal_msp.o
 .debug_line    0x0000000000002064      0x787 ./Core/Src/stm32f1xx_it.o
 .debug_line    0x00000000000027eb      0x6fb ./Core/Src/system_stm32f1xx.o
 .debug_line    0x0000000000002ee6      0x801 ./Core/Src/tim.o
 .debug_line    0x00000000000036e7      0x735 ./Core/Src/usart.o
 .debug_line    0x0000000000003e1c       0x87 ./Core/Startup/startup_stm32f103c8tx.o
 .debug_line    0x0000000000003ea3      0x928 ./Drivers/STM32F1xx_HAL_Driver/Src/stm32f1xx_hal.o
 .debug_line    0x00000000000047cb      0xb10 ./Drivers/STM32F1xx_HAL_Driver/Src/stm32f1xx_hal_cortex.o
 .debug_line    0x00000000000052db      0xd80 ./Drivers/STM32F1xx_HAL_Driver/Src/stm32f1xx_hal_dma.o
 .debug_line    0x000000000000605b      0x9bf ./Drivers/STM32F1xx_HAL_Driver/Src/stm32f1xx_hal_gpio.o
 .debug_line    0x0000000000006a1a      0xd36 ./Drivers/STM32F1xx_HAL_Driver/Src/stm32f1xx_hal_rcc.o
 .debug_line    0x0000000000007750     0x32d1 ./Drivers/STM32F1xx_HAL_Driver/Src/stm32f1xx_hal_tim.o
 .debug_line    0x000000000000aa21     0x1850 ./Drivers/STM32F1xx_HAL_Driver/Src/stm32f1xx_hal_tim_ex.o
 .debug_line    0x000000000000c271     0x1a03 ./Drivers/STM32F1xx_HAL_Driver/Src/stm32f1xx_hal_uart.o

.debug_str      0x0000000000000000    0x8a8b6
 .debug_str     0x0000000000000000    0x83348 ./Core/Src/dma.o
                                      0x836f8 (size before relaxing)
 .debug_str     0x0000000000083348       0x90 ./Core/Src/gpio.o
                                      0x8349e (size before relaxing)
 .debug_str     0x00000000000833d8     0x4b05 ./Core/Src/main.o
                                      0x8803e (size before relaxing)
 .debug_str     0x0000000000087edd       0x5a ./Core/Src/stm32f1xx_hal_msp.o
                                      0x83454 (size before relaxing)
 .debug_str     0x0000000000087f37      0x11f ./Core/Src/stm32f1xx_it.o
                                      0x8389a (size before relaxing)
 .debug_str     0x0000000000088056       0x52 ./Core/Src/system_stm32f1xx.o
                                      0x83441 (size before relaxing)
 .debug_str     0x00000000000880a8      0x1bf ./Core/Src/tim.o
                                      0x83b0d (size before relaxing)
 .debug_str     0x0000000000088267       0x57 ./Core/Src/usart.o
                                      0x83b81 (size before relaxing)
 .debug_str     0x00000000000882be       0x36 ./Core/Startup/startup_stm32f103c8tx.o
                                         0x5d (size before relaxing)
 .debug_str     0x00000000000882f4      0x304 ./Drivers/STM32F1xx_HAL_Driver/Src/stm32f1xx_hal.o
                                      0x83ad2 (size before relaxing)
 .debug_str     0x00000000000885f8      0x300 ./Drivers/STM32F1xx_HAL_Driver/Src/stm32f1xx_hal_cortex.o
                                      0x83ada (size before relaxing)
 .debug_str     0x00000000000888f8      0x235 ./Drivers/STM32F1xx_HAL_Driver/Src/stm32f1xx_hal_dma.o
                                      0x8381c (size before relaxing)
 .debug_str     0x0000000000088b2d      0x31f ./Drivers/STM32F1xx_HAL_Driver/Src/stm32f1xx_hal_gpio.o
                                      0x83805 (size before relaxing)
 .debug_str     0x0000000000088e4c      0x24f ./Drivers/STM32F1xx_HAL_Driver/Src/stm32f1xx_hal_rcc.o
                                      0x8383e (size before relaxing)
 .debug_str     0x000000000008909b      0xd5b ./Drivers/STM32F1xx_HAL_Driver/Src/stm32f1xx_hal_tim.o
                                      0x84810 (size before relaxing)
 .debug_str     0x0000000000089df6      0x4ee ./Drivers/STM32F1xx_HAL_Driver/Src/stm32f1xx_hal_tim_ex.o
                                      0x83fc1 (size before relaxing)
 .debug_str     0x000000000008a2e4      0x5d2 ./Drivers/STM32F1xx_HAL_Driver/Src/stm32f1xx_hal_uart.o
                                      0x83e30 (size before relaxing)

.comment        0x0000000000000000       0x53
 .comment       0x0000000000000000       0x53 ./Core/Src/dma.o
                                         0x54 (size before relaxing)
 .comment       0x0000000000000053       0x54 ./Core/Src/gpio.o
 .comment       0x0000000000000053       0x54 ./Core/Src/main.o
 .comment       0x0000000000000053       0x54 ./Core/Src/stm32f1xx_hal_msp.o
 .comment       0x0000000000000053       0x54 ./Core/Src/stm32f1xx_it.o
 .comment       0x0000000000000053       0x54 ./Core/Src/system_stm32f1xx.o
 .comment       0x0000000000000053       0x54 ./Core/Src/tim.o
 .comment       0x0000000000000053       0x54 ./Core/Src/usart.o
 .comment       0x0000000000000053       0x54 ./Drivers/STM32F1xx_HAL_Driver/Src/stm32f1xx_hal.o
 .comment       0x0000000000000053       0x54 ./Drivers/STM32F1xx_HAL_Driver/Src/stm32f1xx_hal_cortex.o
 .comment       0x0000000000000053       0x54 ./Drivers/STM32F1xx_HAL_Driver/Src/stm32f1xx_hal_dma.o
 .comment       0x0000000000000053       0x54 ./Drivers/STM32F1xx_HAL_Driver/Src/stm32f1xx_hal_gpio.o
 .comment       0x0000000000000053       0x54 ./Drivers/STM32F1xx_HAL_Driver/Src/stm32f1xx_hal_rcc.o
 .comment       0x0000000000000053       0x54 ./Drivers/STM32F1xx_HAL_Driver/Src/stm32f1xx_hal_tim.o
 .comment       0x0000000000000053       0x54 ./Drivers/STM32F1xx_HAL_Driver/Src/stm32f1xx_hal_tim_ex.o
 .comment       0x0000000000000053       0x54 ./Drivers/STM32F1xx_HAL_Driver/Src/stm32f1xx_hal_uart.o

.debug_frame    0x0000000000000000     0x353c
 .debug_frame   0x0000000000000000       0x34 ./Core/Src/dma.o
 .debug_frame   0x0000000000000034       0x34 ./Core/Src/gpio.o
 .debug_frame   0x0000000000000068      0x240 ./Core/Src/main.o
 .debug_frame   0x00000000000002a8       0x38 ./Core/Src/stm32f1xx_hal_msp.o
 .debug_frame   0x00000000000002e0      0x158 ./Core/Src/stm32f1xx_it.o
 .debug_frame   0x0000000000000438       0x58 ./Core/Src/system_stm32f1xx.o
 .debug_frame   0x0000000000000490      0x11c ./Core/Src/tim.o
 .debug_frame   0x00000000000005ac       0x74 ./Core/Src/usart.o
 .debug_frame   0x0000000000000620      0x334 ./Drivers/STM32F1xx_HAL_Driver/Src/stm32f1xx_hal.o
 .debug_frame   0x0000000000000954      0x428 ./Drivers/STM32F1xx_HAL_Driver/Src/stm32f1xx_hal_cortex.o
 .debug_frame   0x0000000000000d7c      0x208 ./Drivers/STM32F1xx_HAL_Driver/Src/stm32f1xx_hal_dma.o
 .debug_frame   0x0000000000000f84      0x14c ./Drivers/STM32F1xx_HAL_Driver/Src/stm32f1xx_hal_gpio.o
 .debug_frame   0x00000000000010d0      0x21c ./Drivers/STM32F1xx_HAL_Driver/Src/stm32f1xx_hal_rcc.o
 .debug_frame   0x00000000000012ec     0x11b8 ./Drivers/STM32F1xx_HAL_Driver/Src/stm32f1xx_hal_tim.o
 .debug_frame   0x00000000000024a4      0x638 ./Drivers/STM32F1xx_HAL_Driver/Src/stm32f1xx_hal_tim_ex.o
 .debug_frame   0x0000000000002adc      0x914 ./Drivers/STM32F1xx_HAL_Driver/Src/stm32f1xx_hal_uart.o
 .debug_frame   0x00000000000033f0       0x2c c:/st/stm32cubeide_1.7.0/stm32cubeide/plugins/com.st.stm32cube.ide.mcu.externaltools.gnu-tools-for-stm32.9-2020-q2-update.win32_2.0.0.202105311346/tools/bin/../lib/gcc/arm-none-eabi/9.3.1/../../../../arm-none-eabi/lib/thumb/v7-m/nofp\libc_nano.a(lib_a-init.o)
 .debug_frame   0x000000000000341c       0x20 c:/st/stm32cubeide_1.7.0/stm32cubeide/plugins/com.st.stm32cube.ide.mcu.externaltools.gnu-tools-for-stm32.9-2020-q2-update.win32_2.0.0.202105311346/tools/bin/../lib/gcc/arm-none-eabi/9.3.1/../../../../arm-none-eabi/lib/thumb/v7-m/nofp\libc_nano.a(lib_a-memset.o)
 .debug_frame   0x000000000000343c       0x30 c:/st/stm32cubeide_1.7.0/stm32cubeide/plugins/com.st.stm32cube.ide.mcu.externaltools.gnu-tools-for-stm32.9-2020-q2-update.win32_2.0.0.202105311346/tools/bin/../lib/gcc/arm-none-eabi/9.3.1/thumb/v7-m/nofp\libgcc.a(_arm_muldf3.o)
 .debug_frame   0x000000000000346c       0xac c:/st/stm32cubeide_1.7.0/stm32cubeide/plugins/com.st.stm32cube.ide.mcu.externaltools.gnu-tools-for-stm32.9-2020-q2-update.win32_2.0.0.202105311346/tools/bin/../lib/gcc/arm-none-eabi/9.3.1/thumb/v7-m/nofp\libgcc.a(_arm_addsubdf3.o)
 .debug_frame   0x0000000000003518       0x24 c:/st/stm32cubeide_1.7.0/stm32cubeide/plugins/com.st.stm32cube.ide.mcu.externaltools.gnu-tools-for-stm32.9-2020-q2-update.win32_2.0.0.202105311346/tools/bin/../lib/gcc/arm-none-eabi/9.3.1/thumb/v7-m/nofp\libgcc.a(_arm_fixunsdfsi.o)
