main.c:107:6:cleanTxArr	16	static
main.c:119:9:pushArrTX	32	static
main.c:148:9:changeSpeed	16	static
main.c:166:9:changeAngle	24	static
main.c:182:6:read_air	8	static
main.c:189:9:crc	24	static
main.c:198:6:direct_Led_HELLO	16	static
main.c:210:6:direct_Led	16	static
main.c:216:6:connect_ok	8	static
main.c:220:6:parseArrRX	24	static
main.c:245:6:initShip	8	static
main.c:265:6:command_work	16	static
main.c:301:5:main	16	static
main.c:367:6:SystemClock_Config	72	static
main.c:397:6:HAL_UARTEx_RxEventCallback	16	static
main.c:409:6:Error_Handler	4	static,ignoring_inline_asm
