main.c:107:6:cleanTxArr	16	static
main.c:118:6:cleanRxArr	16	static
main.c:125:9:pushArrTX	32	static
main.c:154:9:changeSpeed	24	static
main.c:183:9:changeAngle	24	static
main.c:199:6:read_air	8	static
main.c:206:9:crc	24	static
main.c:215:6:direct_Led_HELLO	16	static
main.c:227:6:direct_Led	16	static
main.c:233:6:connect_ok	8	static
main.c:237:6:parseArrRX	24	static
main.c:262:6:initShip	8	static
main.c:284:6:command_work	16	static
main.c:320:5:main	24	static
main.c:396:6:SystemClock_Config	72	static
main.c:427:6:HAL_UARTEx_RxEventCallback	16	static
main.c:439:6:Error_Handler	4	static,ignoring_inline_asm
